============================= test session starts =============================
platform win32 -- Python 3.14.1, pytest-9.0.2, pluggy-1.6.0
rootdir: D:\ML AI321- FALL 25\ML_PROJECT_HEALTHCARE_AAAHH
plugins: anyio-4.12.0
collected 0 items / 1 error

=================================== ERRORS ====================================
___________ ERROR collecting backend/tests/test_integration_flow.py ___________
ImportError while importing test module 'D:\ML AI321- FALL 25\ML_PROJECT_HEALTHCARE_AAAHH\backend\tests\test_integration_flow.py'.
Hint: make sure your test modules/packages have valid Python names.
Traceback:
C:\Users\Jannat Enterprises\AppData\Local\Programs\Python\Python314\Lib\importlib\__init__.py:88: in import_module
    return _bootstrap._gcd_import(name[level:], package, level)
           ^^^^^^^^^^^^^^^^^^^^^^^^^^^^^^^^^^^^^^^^^^^^^^^^^^^^
backend\tests\test_integration_flow.py:8: in <module>
    from backend.main import app
backend\main.py:14: in <module>
    from backend.services.symptom_processor import SymptomProcessor
backend\services\symptom_processor.py:3: in <module>
    from rapidfuzz import process, fuzz
E   ModuleNotFoundError: No module named 'rapidfuzz'
------------------------------- Captured stdout -------------------------------
Loaded Air Quality Health Impact Model from D:\ML AI321- FALL 25\ML_PROJECT_HEALTHCARE_AAAHH\backend\ml_models\health_impact_predictor.pkl
============================== warnings summary ===============================
C:\Users\Jannat Enterprises\AppData\Local\Programs\Python\Python314\Lib\site-packages\sklearn\base.py:442
  C:\Users\Jannat Enterprises\AppData\Local\Programs\Python\Python314\Lib\site-packages\sklearn\base.py:442: InconsistentVersionWarning: Trying to unpickle estimator DummyRegressor from version 1.6.1 when using version 1.7.2. This might lead to breaking code or invalid results. Use at your own risk. For more info please refer to:
  https://scikit-learn.org/stable/model_persistence.html#security-maintainability-limitations
    warnings.warn(

C:\Users\Jannat Enterprises\AppData\Local\Programs\Python\Python314\Lib\site-packages\sklearn\base.py:442
  C:\Users\Jannat Enterprises\AppData\Local\Programs\Python\Python314\Lib\site-packages\sklearn\base.py:442: InconsistentVersionWarning: Trying to unpickle estimator DecisionTreeRegressor from version 1.6.1 when using version 1.7.2. This might lead to breaking code or invalid results. Use at your own risk. For more info please refer to:
  https://scikit-learn.org/stable/model_persistence.html#security-maintainability-limitations
    warnings.warn(

C:\Users\Jannat Enterprises\AppData\Local\Programs\Python\Python314\Lib\site-packages\sklearn\base.py:442
  C:\Users\Jannat Enterprises\AppData\Local\Programs\Python\Python314\Lib\site-packages\sklearn\base.py:442: InconsistentVersionWarning: Trying to unpickle estimator GradientBoostingRegressor from version 1.6.1 when using version 1.7.2. This might lead to breaking code or invalid results. Use at your own risk. For more info please refer to:
  https://scikit-learn.org/stable/model_persistence.html#security-maintainability-limitations
    warnings.warn(

C:\Users\Jannat Enterprises\AppData\Local\Programs\Python\Python314\Lib\site-packages\sklearn\base.py:442
  C:\Users\Jannat Enterprises\AppData\Local\Programs\Python\Python314\Lib\site-packages\sklearn\base.py:442: InconsistentVersionWarning: Trying to unpickle estimator SimpleImputer from version 1.6.1 when using version 1.7.2. This might lead to breaking code or invalid results. Use at your own risk. For more info please refer to:
  https://scikit-learn.org/stable/model_persistence.html#security-maintainability-limitations
    warnings.warn(

C:\Users\Jannat Enterprises\AppData\Local\Programs\Python\Python314\Lib\site-packages\sklearn\base.py:442
  C:\Users\Jannat Enterprises\AppData\Local\Programs\Python\Python314\Lib\site-packages\sklearn\base.py:442: InconsistentVersionWarning: Trying to unpickle estimator StandardScaler from version 1.6.1 when using version 1.7.2. This might lead to breaking code or invalid results. Use at your own risk. For more info please refer to:
  https://scikit-learn.org/stable/model_persistence.html#security-maintainability-limitations
    warnings.warn(

-- Docs: https://docs.pytest.org/en/stable/how-to/capture-warnings.html
=========================== short test summary info ===========================
ERROR backend/tests/test_integration_flow.py
!!!!!!!!!!!!!!!!!!! Interrupted: 1 error during collection !!!!!!!!!!!!!!!!!!!!
======================== 5 warnings, 1 error in 4.00s =========================
